cloudflare-dns.com
one.one.one.one
dns.google
dns.quad9.net
dns9.quad9.net
dns10.quad9.net
dns11.quad9.net
dns.adguard-dns.com
unfiltered.adguard-dns.com
family.adguard-dns.com
dns.nextdns.io
doh.opendns.com
dns.opendns.com
familyshield.opendns.com
sandbox.opendns.com
doh.umbrella.com
dns.umbrella.com
doh.cleanbrowsing.org
family-filter-dns.cleanbrowsing.org
adult-filter-dns.cleanbrowsing.org
security-filter-dns.cleanbrowsing.org
dns.controld.com
freedns.controld.com
dns.mullvad.net
dns.sb
doh.libredns.gr
doh.blahdns.com
dnsforge.de
doh.pub
dot.pub
dns.pub
dns.alidns.com
doh.360.cn
dot.360.cn
protective.joindns4.eu
child.joindns4.eu
noads.joindns4.eu
child-noads.joindns4.eu
unfiltered.joindns4.eu
