geosite:russia-inside@geoblock
geosite:russia-inside@block
geosite:discord
geosite:russia-inside@meta
geosite:russia-inside@twitter
geosite:russia-inside@hdrezka
geosite:russia-inside@tiktok
geosite:telegram
geosite:google-ai
geosite:google-play
geosite:roblox
geosite:russia-inside@news
geosite:russia-inside@anime
geosite:russia-inside@porn
geosite:google-meet
geosite:russia-inside@youtube
domain:happ.su
domain:yahoo.com
domain:mail.yahoo.com
domain:m.staticpop.net
domain:kino.pub
domain:kino.watch
domain:kinopub.me
domain:kinopub.online
domain:api.srvkp.com
domain:api.service-kp.com
domain:atv4.dnskp.cc
domain:cdn-service.space
domain:cdn.jsdelivr.net
domain:fonts.gstatic.com
domain:m.pushbr.com
domain:m.teleos.club
domain:m.alador.space
domain:m.boramoraboom.ru
domain:vjs.zencdn.net
domain:www.gstatic.com
domain:smarttvcdn.online
domain:www.gravatar.com
domain:i0.wp.com
domain:raw.githubusercontent.com
domain:youtubei.googleapis.com
domain:yandexwebcache.org
domain:static.yani.tv
domain:animelib.org
domain:shizaproject.com
domain:release-assets.githubusercontent.com
