infomaniak.com
ifconfig.me
2ip.io
happ.su
friendlyelec.com
yahoo.com
mail.yahoo.com
m.staticpop.net
kino.pub
kino.watch
kinopub.me
kinopub.online
api.srvkp.com
api.service-kp.com
atv4.dnskp.cc
cdn-service.space
cdn.jsdelivr.net
fonts.gstatic.com
m.pushbr.com
m.teleos.club
m.alador.space
m.boramoraboom.ru
vjs.zencdn.net
www.gstatic.com
smarttvcdn.online
www.gravatar.com
i0.wp.com
raw.githubusercontent.com
youtubei.googleapis.com
meet.google.com
yandexwebcache.org
static.yani.tv
animelib.org
shizaproject.com
